// Jest Snapshot v1, https://goo.gl/fbAQLP

exports[`StudentDashboard renders correctly 1`] = `ShallowWrapper {}`;
